!-T 16. Santo Santo Santo
!-A HM

!-S Verso 1
¡Santo! ¡Santo! ¡Santo! Señor Omnipotente
siempre el labio mío loores te dará:

¡Santo! ¡Santo! ¡Santo! Te adoro reverente
Dios en tres personas, bendita Trinidad.

!-S Verso 2
¡Santo! ¡Santo! ¡Santo! En numeroso coro
santos escogidos te adoran con fervor;

de alegría llenos y sus coronas de oro
rinden ante el trono glorioso del Señor.

!-S Verso 3
¡Santo! ¡Santo! ¡Santo! La inmensa muchedumbre
de ángeles que cumplen tu santa voluntad.

Ante Ti se postra bañada con tu lumbre.
Ante Ti que has sido, que eres y serás.

!-S Verso 4
¡Santo! ¡Santo! ¡Santo! Por más que estés velado
e imposible sea tu gloria contemplar.

Santo Tú eres sólo y nada hay a tu lado
en poder perfecto, pureza y caridad.

!-S Verso 5
¡Santo! ¡Santo! ¡Santo! La gloria de tu nombre
vemos en tus obras en cielo, tierra y mar.

¡Santo! ¡Santo! ¡Santo! Te adorará todo hombre.
Dios en tres personas, bendita Trinidad.
